<html>
<body>
<pre>
<h1>µVision Build Log</h1>
<h2>Project:</h2>
C:\users\student\Desktop\suhaib\armcor\decoder\decoder.uvproj
Project File Date:  03/09/2021

<h2>Output:</h2>
Build target 'Target 1'
assembling startup_LPC17xx.s...
compiling decoder.c...
decoder.c(19): warning:  #1-D: last line of file ends without a newline
linking...
Program Size: Code=408 RO-data=360 RW-data=0 ZI-data=608  
FromELF: creating hex file...
"decoder.axf" - 0 Error(s), 1 Warning(s).
Build target 'Target 1'
compiling decoder.c...
decoder.c(19): warning:  #1-D: last line of file ends without a newline
linking...
Program Size: Code=412 RO-data=356 RW-data=0 ZI-data=608  
FromELF: creating hex file...
"decoder.axf" - 0 Error(s), 1 Warning(s).
Build target 'Target 1'
compiling decoder.c...
decoder.c(19): warning:  #1-D: last line of file ends without a newline
linking...
Program Size: Code=412 RO-data=356 RW-data=0 ZI-data=608  
FromELF: creating hex file...
"decoder.axf" - 0 Error(s), 1 Warning(s).
