<html>
<body>
<pre>
<h1>µVision Build Log</h1>
<h2>Project:</h2>
C:\users\student\Desktop\suhaib\arm7\vectinter1\vect1.uvproj
Project File Date:  03/05/2021

<h2>Output:</h2>
Build target 'Target 1'
assembling Startup.s...
compiling vect1.c...
vect1.c(6): error:  #20: identifier "a" is undefined
vect1.c(14): error:  #20: identifier "I0PIN1" is undefined
vect1.c(16): error:  #20: identifier "T0TCX" is undefined
vect1.c(33): error:  #20: identifier "VICiNTeNABLE" is undefined
Target not created
Build target 'Target 1'
compiling vect1.c...
vect1.c(33): error:  #20: identifier "VICIntENABLE" is undefined
Target not created
Build target 'Target 1'
compiling vect1.c...
linking...
Program Size: Code=1104 RO-data=32 RW-data=4 ZI-data=1260  
FromELF: creating hex file...
"vect1.axf" - 0 Error(s), 0 Warning(s).
Build target 'Target 1'
compiling vect1.c...
linking...
Program Size: Code=1112 RO-data=32 RW-data=4 ZI-data=1260  
FromELF: creating hex file...
"vect1.axf" - 0 Error(s), 0 Warning(s).
Build target 'Target 1'
compiling vect1.c...
linking...
Program Size: Code=1120 RO-data=32 RW-data=4 ZI-data=1260  
FromELF: creating hex file...
"vect1.axf" - 0 Error(s), 0 Warning(s).
Build target 'Target 1'
compiling vect1.c...
linking...
Program Size: Code=1116 RO-data=32 RW-data=4 ZI-data=1260  
FromELF: creating hex file...
"vect1.axf" - 0 Error(s), 0 Warning(s).
Build target 'Target 1'
compiling vect1.c...
linking...
Program Size: Code=1116 RO-data=32 RW-data=4 ZI-data=1260  
FromELF: creating hex file...
"vect1.axf" - 0 Error(s), 0 Warning(s).
Build target 'Target 1'
compiling vect1.c...
linking...
Program Size: Code=1116 RO-data=32 RW-data=4 ZI-data=1260  
FromELF: creating hex file...
"vect1.axf" - 0 Error(s), 0 Warning(s).
Build target 'Target 1'
assembling Startup.s...
compiling vect1.c...
linking...
Program Size: Code=1116 RO-data=32 RW-data=4 ZI-data=1260  
FromELF: creating hex file...
"vect1.axf" - 0 Error(s), 0 Warning(s).
Build target 'Target 1'
compiling vect1.c...
linking...
Program Size: Code=1112 RO-data=32 RW-data=4 ZI-data=1260  
FromELF: creating hex file...
"vect1.axf" - 0 Error(s), 0 Warning(s).
