<html>
<body>
<pre>
<h1>µVision Build Log</h1>
<h2>Project:</h2>
C:\users\student\Desktop\suhaib\iot\iot.uvproj
Project File Date:  03/17/2021

<h2>Output:</h2>
Build target 'Target 1'
assembling Startup.s...
compiling iot.c...
linking...
Program Size: Code=1748 RO-data=308 RW-data=0 ZI-data=1256  
"iot.axf" - 0 Error(s), 0 Warning(s).
Build target 'Target 1'
linking...
Program Size: Code=2020 RO-data=308 RW-data=0 ZI-data=1256  
FromELF: creating hex file...
"iot.axf" - 0 Error(s), 0 Warning(s).
Build target 'Target 1'
compiling iot.c...
linking...
Program Size: Code=2020 RO-data=308 RW-data=0 ZI-data=1256  
FromELF: creating hex file...
"iot.axf" - 0 Error(s), 0 Warning(s).
Build target 'Target 1'
compiling iot.c...
linking...
Program Size: Code=2020 RO-data=308 RW-data=0 ZI-data=1256  
FromELF: creating hex file...
"iot.axf" - 0 Error(s), 0 Warning(s).
Build target 'Target 1'
compiling iot.c...
linking...
Program Size: Code=2020 RO-data=308 RW-data=0 ZI-data=1256  
FromELF: creating hex file...
"iot.axf" - 0 Error(s), 0 Warning(s).
