Microchip MPLAB XC8 Compiler V1.33 ()

Linker command line:

-W-3 --edf=/opt/microchip/xc8/v1.33/dat/en_msgs.txt -cs \
  -h+dist/default/production/adc.X.production.sym \
  --cmf=dist/default/production/adc.X.production.cmf -z -Q16F876A \
  -o/tmp/cgtMmD06E -Mdist/default/production/adc.X.production.map -E1 \
  -ver=XC8 -ASTACK=0110h-016fh -pstack=STACK -ACONST=00h-0FFhx32 \
  -ACODE=00h-07FFhx4 -ASTRCODE=00h-01FFFh -AENTRY=00h-0FFhx32 \
  -ASTRING=00h-0FFhx32 -ACOMMON=070h-07Fh -ABANK0=020h-06Fh \
  -ABANK1=0A0h-0EFh -ABANK2=0110h-016Fh -ABANK3=0190h-01EFh \
  -ARAM=020h-06Fh,0A0h-0EFh,0110h-016Fh,0190h-01EFh \
  -AABS1=020h-07Fh,0A0h-0EFh,0110h-016Fh,0190h-01EFh -ASFR0=00h-01Fh \
  -ASFR1=080h-09Fh -ASFR2=0100h-010Fh -ASFR3=0180h-018Fh \
  -preset_vec=00h,intentry,init,end_init -ppowerup=CODE -pcinit=CODE \
  -pfunctab=CODE -ACONFIG=02007h-02007h -pconfig=CONFIG -DCONFIG=2 \
  -AIDLOC=02000h-02003h -pidloc=IDLOC -DIDLOC=2 -AEEDATA=00h-0FFh/02100h \
  -peeprom_data=EEDATA -DEEDATA=2 -DCODE=2 -DSTRCODE=2 -DSTRING=2 -DCONST=2 \
  -DENTRY=2 -k /tmp/cgtmVe1TY.obj \
  dist/default/production/adc.X.production.obj 

Object code version is 3.11

Machine type is 16F876A



                Name                               Link     Load   Length Selector   Space Scale
/tmp/cgtmVe1TY.obj
                end_init                              0        0        3        0       0
                config                             2007     2007        1     400E       0
dist/default/production/adc.X.production.obj
                cinit                               7FC      7FC        4      FF8       0
                text4                               69C      69C       3E      D38       0
                text3                               668      668       34      CD0       0
                text2                               723      723       D9      E46       0
                text1                               647      647       21      C8E       0
                maintext                            6DA      6DA       49      DB4       0
                cstackBANK0                          20       20       28       20       1
                cstackCOMMON                         70       70        E       70       1
                strings                               3        3       1A        6       0

TOTAL           Name                               Link     Load   Length     Space
        CLASS   STACK          

        CLASS   CONST          

        CLASS   CODE           
                end_init                              0        0        3         0
                cinit                               7FC      7FC        4         0
                text4                               69C      69C       3E         0
                text3                               668      668       34         0
                text2                               723      723       D9         0
                text1                               647      647       21         0
                maintext                            6DA      6DA       49         0

        CLASS   STRCODE        

        CLASS   ENTRY          

        CLASS   STRING         
                strings                               3        3       1A         0

        CLASS   COMMON         
                cstackCOMMON                         70       70        E         1

        CLASS   BANK0          
                cstackBANK0                          20       20       28         1

        CLASS   BANK1          

        CLASS   BANK2          

        CLASS   BANK3          

        CLASS   RAM            

        CLASS   ABS1           
                abs_s1                               7E       7E        2         1

        CLASS   SFR0           

        CLASS   SFR1           

        CLASS   SFR2           

        CLASS   SFR3           

        CLASS   CONFIG         
                config                             2007     2007        1         0

        CLASS   IDLOC          

        CLASS   EEDATA         



SEGMENTS        Name                           Load    Length   Top    Selector   Space  Class     Delta

                reset_vec                      000000  000003  000003         0       0  CODE        2
                strings                        000003  00001A  00001D         6       0  STRING      2
                cstackBANK0                    000020  000028  000048        20       1  BANK0       1
                cstackCOMMON                   000070  00000E  00007E        70       1  COMMON      1
                text1                          000647  000021  000668       C8E       0  CODE        2
                text3                          000668  000034  00069C       CD0       0  CODE        2
                text4                          00069C  00003E  0006DA       D38       0  CODE        2
                maintext                       0006DA  000049  000723       DB4       0  CODE        2
                text2                          000723  0000D9  0007FC       E46       0  CODE        2
                cinit                          0007FC  000004  000800       FF8       0  CODE        2
                config                         002007  000001  002008      400E       0  CONFIG      2


UNUSED ADDRESS RANGES

        Name                Unused          Largest block    Delta
        BANK0            0048-006F             28           1
        BANK1            00A0-00EF             50           1
        BANK2            0110-016F             60           1
        BANK3            0190-01EF             60           1
        CODE             001D-0646            62A           2
                         0800-1FFF            800
        CONST            001D-0646            100           2
                         0800-1FFF            100
        EEDATA           2100-21FF            100           2
        ENTRY            001D-0646            100           2
                         0800-1FFF            100
        IDLOC            2000-2003              4           2
        RAM              0048-006F             28           1
                         00A0-00EF             50
                         0110-016F             60
                         0190-01EF             60
        SFR0             0000-001F             20           1
        SFR1             0080-009F             20           1
        SFR2             0100-010F             10           1
        SFR3             0180-018F             10           1
        STACK            0110-016F             60           1
        STRCODE          001D-0646            62A           2
                         0800-1FFF           1800
        STRING           001D-0646            100           2
                         0800-1FFF            100

                                  Symbol Table

?___lwdiv                cstackCOMMON 0070
?___lwmod                cstackCOMMON 0078
?_sprintf                cstackBANK0  0020
_ADCON0                  (abs)        001F
_ADCON1                  (abs)        009F
_ADRESH                  (abs)        001E
_ADRESL                  (abs)        009E
_CHS0                    (abs)        00FB
_CHS1                    (abs)        00FC
_CHS2                    (abs)        00FD
_GO                      (abs)        00FA
_RCSTA                   (abs)        0018
_SPBRG                   (abs)        0099
_TRMT                    (abs)        04C1
_TXREG                   (abs)        0019
_TXSTA                   (abs)        0098
__CFG_BOREN$OFF          (abs)        0000
__CFG_CP$OFF             (abs)        0000
__CFG_CPD$OFF            (abs)        0000
__CFG_FOSC$XT            (abs)        0000
__CFG_LVP$OFF            (abs)        0000
__CFG_PWRTE$OFF          (abs)        0000
__CFG_WDTE$OFF           (abs)        0000
__CFG_WRT$OFF            (abs)        0000
__Habs1                  abs1         0000
__Hbank0                 bank0        0000
__Hbank1                 bank1        0000
__Hbank2                 bank2        0000
__Hbank3                 bank3        0000
__Hcinit                 cinit        0800
__Hclrtext               clrtext      0000
__Hcode                  code         0000
__Hcommon                common       0000
__Hconfig                config       2008
__HcstackBANK0           cstackBANK0  0000
__HcstackCOMMON          cstackCOMMON 0000
__Heeprom_data           eeprom_data  0000
__Hend_init              end_init     0003
__Hfunctab               functab      0000
__Hidloc                 idloc        0000
__Hinit                  init         0000
__Hintentry              intentry     0000
__Hmaintext              maintext     0000
__Hpowerup               powerup      0000
__Hram                   ram          0000
__Hreset_vec             reset_vec    0000
__Hsfr0                  sfr0         0000
__Hsfr1                  sfr1         0000
__Hsfr2                  sfr2         0000
__Hsfr3                  sfr3         0000
__Hspace_0               (abs)        2008
__Hspace_1               (abs)        007E
__Hspace_2               (abs)        0000
__Hspace_3               (abs)        0000
__Hstack                 stack        0000
__Hstrings               strings      0000
__Htext                  text         0000
__Labs1                  abs1         0000
__Lbank0                 bank0        0000
__Lbank1                 bank1        0000
__Lbank2                 bank2        0000
__Lbank3                 bank3        0000
__Lcinit                 cinit        07FC
__Lclrtext               clrtext      0000
__Lcode                  code         0000
__Lcommon                common       0000
__Lconfig                config       2007
__LcstackBANK0           cstackBANK0  0000
__LcstackCOMMON          cstackCOMMON 0000
__Leeprom_data           eeprom_data  0000
__Lend_init              end_init     0000
__Lfunctab               functab      0000
__Lidloc                 idloc        0000
__Linit                  init         0000
__Lintentry              intentry     0000
__Lmaintext              maintext     0000
__Lpowerup               powerup      0000
__Lram                   ram          0000
__Lreset_vec             reset_vec    0000
__Lsfr0                  sfr0         0000
__Lsfr1                  sfr1         0000
__Lsfr2                  sfr2         0000
__Lsfr3                  sfr3         0000
__Lspace_0               (abs)        0000
__Lspace_1               (abs)        0000
__Lspace_2               (abs)        0000
__Lspace_3               (abs)        0000
__Lstack                 stack        0000
__Lstrings               strings      0000
__Ltext                  text         0000
__S0                     (abs)        2008
__S1                     (abs)        007E
__S2                     (abs)        0000
__S3                     (abs)        0000
___int_sp                stack        0000
___latbits               (abs)        0002
___lwdiv                 text4        069C
___lwdiv@counter         cstackCOMMON 0077
___lwdiv@dividend        cstackCOMMON 0072
___lwdiv@divisor         cstackCOMMON 0070
___lwdiv@quotient        cstackCOMMON 0075
___lwmod                 text3        0668
___lwmod@counter         cstackCOMMON 007D
___lwmod@dividend        cstackCOMMON 007A
___lwmod@divisor         cstackCOMMON 0078
___sp                    stack        0000
__end_of___lwdiv         text4        06DA
__end_of___lwmod         text3        069C
__end_of__initialization cinit        07FC
__end_of__stringdata     strings      001D
__end_of__stringtab      strings      0009
__end_of_dpowers         strings      0013
__end_of_main            maintext     0723
__end_of_sprintf         text2        07FC
__end_of_tx              text1        0668
__initialization         cinit        07FC
__pcstackBANK0           cstackBANK0  0020
__pcstackCOMMON          cstackCOMMON 0070
__pmaintext              maintext     06DA
__pstrings               strings      0003
__ptext1                 text1        0647
__ptext2                 text2        0723
__ptext3                 text3        0668
__ptext4                 text4        069C
__size_of___lwdiv        (abs)        0000
__size_of___lwmod        (abs)        0000
__size_of_main           (abs)        0000
__size_of_sprintf        (abs)        0000
__size_of_tx             (abs)        0000
__stringbase             strings      0008
__stringdata             strings      0013
__stringtab              strings      0003
_dpowers                 strings      0009
_main                    maintext     06DA
_sprintf                 text2        0723
_tx                      text1        0647
btemp                    (abs)        007E
end_of_initialization    cinit        07FC
intlevel0                functab      0000
intlevel1                functab      0000
intlevel2                functab      0000
intlevel3                functab      0000
intlevel4                functab      0000
intlevel5                functab      0000
ltemp                    (abs)        007E
ltemp0                   (abs)        007E
ltemp1                   (abs)        0082
ltemp2                   (abs)        0086
ltemp3                   (abs)        0080
main@a                   cstackBANK0  0032
main@x                   cstackBANK0  0046
reset_vec                reset_vec    0000
sprintf@_val             cstackBANK0  0029
sprintf@ap               cstackBANK0  0026
sprintf@c                cstackBANK0  002E
sprintf@f                cstackBANK0  0020
sprintf@flag             cstackBANK0  0027
sprintf@prec             cstackBANK0  0028
sprintf@sp               cstackBANK0  002D
stackhi                  (abs)        0000
stacklo                  (abs)        0000
start                    init         0000
start_initialization     cinit        07FC
ttemp                    (abs)        007E
ttemp0                   (abs)        007E
ttemp1                   (abs)        0081
ttemp2                   (abs)        0084
ttemp3                   (abs)        0087
ttemp4                   (abs)        007F
tx@i                     cstackCOMMON 0071
tx@x                     cstackCOMMON 0073
wtemp                    (abs)        007E
wtemp0                   (abs)        007E
wtemp1                   (abs)        0080
wtemp2                   (abs)        0082
wtemp3                   (abs)        0084
wtemp4                   (abs)        0086
wtemp5                   (abs)        0088
wtemp6                   (abs)        007F


FUNCTION INFORMATION:

 *************** function _main *****************
 Defined at:
		line 26 in file "adc.c"
 Parameters:    Size  Location     Type
		None
 Auto vars:     Size  Location     Type
  a              20   18[BANK0 ] unsigned char [20]
  x               2   38[BANK0 ] int 
 Return value:  Size  Location     Type
		None               void
 Registers used:
		wreg, fsr0l, fsr0h, status,2, status,0, btemp+1, pclath, cstack
 Tracked objects:
		On entry : 
		On exit  : 
		Unchanged: 
 Data sizes:     COMMON   BANK0   BANK1   BANK3   BANK2
      Params:         0       0       0       0       0
      Locals:         0      22       0       0       0
      Temps:          0       3       0       0       0
      Totals:         0      25       0       0       0
Total ram usage:       25 bytes
 Hardware stack levels required when called:    2
 This function calls:
		_sprintf
		_tx
 This function is called by:
		Startup code after reset
 This function uses a non-reentrant model


 *************** function _tx *****************
 Defined at:
		line 17 in file "adc.c"
 Parameters:    Size  Location     Type
  x               1    wreg     PTR unsigned char 
		 -> main@a(20), 
 Auto vars:     Size  Location     Type
  x               1    3[COMMON] PTR unsigned char 
		 -> main@a(20), 
  i               2    1[COMMON] int 
 Return value:  Size  Location     Type
		None               void
 Registers used:
		wreg, fsr0l, fsr0h, status,2, status,0
 Tracked objects:
		On entry : 
		On exit  : 
		Unchanged: 
 Data sizes:     COMMON   BANK0   BANK1   BANK3   BANK2
      Params:         0       0       0       0       0
      Locals:         3       0       0       0       0
      Temps:          1       0       0       0       0
      Totals:         4       0       0       0       0
Total ram usage:        4 bytes
 Hardware stack levels used:    1
 This function calls:
		Nothing
 This function is called by:
		_main
 This function uses a non-reentrant model


 *************** function _sprintf *****************
 Defined at:
		line 492 in file "/opt/microchip/xc8/v1.33/sources/common/doprnt.c"
 Parameters:    Size  Location     Type
  sp              1    wreg     PTR unsigned char 
		 -> main@a(20), 
  f               1    0[BANK0 ] PTR const unsigned char 
		 -> STR_1(10), 
 Auto vars:     Size  Location     Type
  sp              1   13[BANK0 ] PTR unsigned char 
		 -> main@a(20), 
  _val            4    9[BANK0 ] struct .
  c               1   14[BANK0 ] char 
  prec            1    8[BANK0 ] char 
  flag            1    7[BANK0 ] unsigned char 
  ap              1    6[BANK0 ] PTR void [1]
		 -> ?_sprintf(2), 
 Return value:  Size  Location     Type
                  2    0[BANK0 ] int 
 Registers used:
		wreg, fsr0l, fsr0h, status,2, status,0, btemp+1, pclath, cstack
 Tracked objects:
		On entry : 
		On exit  : 
		Unchanged: 
 Data sizes:     COMMON   BANK0   BANK1   BANK3   BANK2
      Params:         0       3       0       0       0
      Locals:         0       9       0       0       0
      Temps:          0       3       0       0       0
      Totals:         0      15       0       0       0
Total ram usage:       15 bytes
 Hardware stack levels used:    1
 Hardware stack levels required when called:    1
 This function calls:
		___lwdiv
		___lwmod
 This function is called by:
		_main
 This function uses a non-reentrant model


 *************** function ___lwmod *****************
 Defined at:
		line 6 in file "/opt/microchip/xc8/v1.33/sources/common/lwmod.c"
 Parameters:    Size  Location     Type
  divisor         2    8[COMMON] unsigned int 
  dividend        2   10[COMMON] unsigned int 
 Auto vars:     Size  Location     Type
  counter         1   13[COMMON] unsigned char 
 Return value:  Size  Location     Type
                  2    8[COMMON] unsigned int 
 Registers used:
		wreg, status,2, status,0
 Tracked objects:
		On entry : 
		On exit  : 
		Unchanged: 
 Data sizes:     COMMON   BANK0   BANK1   BANK3   BANK2
      Params:         4       0       0       0       0
      Locals:         1       0       0       0       0
      Temps:          1       0       0       0       0
      Totals:         6       0       0       0       0
Total ram usage:        6 bytes
 Hardware stack levels used:    1
 This function calls:
		Nothing
 This function is called by:
		_sprintf
 This function uses a non-reentrant model


 *************** function ___lwdiv *****************
 Defined at:
		line 6 in file "/opt/microchip/xc8/v1.33/sources/common/lwdiv.c"
 Parameters:    Size  Location     Type
  divisor         2    0[COMMON] unsigned int 
  dividend        2    2[COMMON] unsigned int 
 Auto vars:     Size  Location     Type
  quotient        2    5[COMMON] unsigned int 
  counter         1    7[COMMON] unsigned char 
 Return value:  Size  Location     Type
                  2    0[COMMON] unsigned int 
 Registers used:
		wreg, status,2, status,0
 Tracked objects:
		On entry : 
		On exit  : 
		Unchanged: 
 Data sizes:     COMMON   BANK0   BANK1   BANK3   BANK2
      Params:         4       0       0       0       0
      Locals:         3       0       0       0       0
      Temps:          1       0       0       0       0
      Totals:         8       0       0       0       0
Total ram usage:        8 bytes
 Hardware stack levels used:    1
 This function calls:
		Nothing
 This function is called by:
		_sprintf
 This function uses a non-reentrant model



MODULE INFORMATION

Module		Function		Class		Link	Load	Size
/opt/microchip/xc8/v1.33/sources/common/lwmod.c
		___lwmod       		CODE           	0668	0000	52

/opt/microchip/xc8/v1.33/sources/common/lwmod.c estimated size: 52

adc.c
		_main          		CODE           	06DA	0000	73
		_tx            		CODE           	0647	0000	33

adc.c estimated size: 106

/opt/microchip/xc8/v1.33/sources/common/doprnt.c
		_sprintf       		CODE           	0723	0000	217

/opt/microchip/xc8/v1.33/sources/common/doprnt.c estimated size: 217

/opt/microchip/xc8/v1.33/sources/common/lwdiv.c
		___lwdiv       		CODE           	069C	0000	62

/opt/microchip/xc8/v1.33/sources/common/lwdiv.c estimated size: 62

shared
		__stringtab    		STRING         	0003	0000	6
		__stringdata   		STRING         	0013	0000	10
		_dpowers       		STRING         	0009	0000	10
		__initializatio		CODE           	07FC	0000	0

shared estimated size: 26

