<html>
<body>
<pre>
<h1>µVision Build Log</h1>
<h2>Project:</h2>
C:\users\student\Desktop\suhaib\armcor\timer1\timer1.uvproj
Project File Date:  03/11/2021

<h2>Output:</h2>
Build target 'Target 1'
assembling startup_LPC17xx.s...
compiling timer1.c...
timer1.c(15): error:  #20: identifier "LPC_TIM" is undefined
timer1.c(29): warning:  #1-D: last line of file ends without a newline
Target not created
Build target 'Target 1'
compiling timer1.c...
timer1.c(29): warning:  #1-D: last line of file ends without a newline
linking...
Program Size: Code=476 RO-data=292 RW-data=0 ZI-data=608  
FromELF: creating hex file...
"timer1.axf" - 0 Error(s), 1 Warning(s).
Build target 'Target 1'
compiling timer1.c...
timer1.c(29): warning:  #1-D: last line of file ends without a newline
linking...
Program Size: Code=476 RO-data=292 RW-data=0 ZI-data=608  
FromELF: creating hex file...
"timer1.axf" - 0 Error(s), 1 Warning(s).
Build target 'Target 1'
compiling timer1.c...
timer1.c(29): warning:  #1-D: last line of file ends without a newline
linking...
Program Size: Code=476 RO-data=292 RW-data=0 ZI-data=608  
FromELF: creating hex file...
"timer1.axf" - 0 Error(s), 1 Warning(s).
Build target 'Target 1'
compiling timer1.c...
timer1.c(29): warning:  #1-D: last line of file ends without a newline
linking...
Program Size: Code=476 RO-data=292 RW-data=0 ZI-data=608  
FromELF: creating hex file...
"timer1.axf" - 0 Error(s), 1 Warning(s).
