<html>
<body>
<pre>
<h1>µVision Build Log</h1>
<h2>Project:</h2>
C:\users\student\Desktop\suhaib\arm7\keypad1\keypad1.uvproj
Project File Date:  03/03/2021

<h2>Output:</h2>
Build target 'Target 1'
assembling Startup.s...
linking...
keypad1.axf: Warning: L6665W: Neither Lib$$Request$$armlib Lib$$Request$$cpplib defined, not searching ARM libraries.
keypad1.axf: Error: L6411E: No compatible library exists with a definition of startup symbol __main.
Target not created
Build target 'Target 1'
linking...
keypad1.axf: Warning: L6665W: Neither Lib$$Request$$armlib Lib$$Request$$cpplib defined, not searching ARM libraries.
keypad1.axf: Error: L6411E: No compatible library exists with a definition of startup symbol __main.
Target not created
Build target 'Target 1'
compiling keypad1.c...
keypad1.c(100): warning:  #61-D: integer operation result is out of range
keypad1.c(100): warning:  #68-D: integer conversion resulted in a change of sign
keypad1.c(102): warning:  #61-D: integer operation result is out of range
keypad1.c(102): warning:  #68-D: integer conversion resulted in a change of sign
keypad1.c(126): warning:  #61-D: integer operation result is out of range
keypad1.c(126): warning:  #68-D: integer conversion resulted in a change of sign
keypad1.c(128): warning:  #61-D: integer operation result is out of range
keypad1.c(128): warning:  #68-D: integer conversion resulted in a change of sign
keypad1.c(152): warning:  #61-D: integer operation result is out of range
keypad1.c(152): warning:  #68-D: integer conversion resulted in a change of sign
keypad1.c(154): warning:  #61-D: integer operation result is out of range
keypad1.c(154): warning:  #68-D: integer conversion resulted in a change of sign
keypad1.c(178): warning:  #61-D: integer operation result is out of range
keypad1.c(178): warning:  #68-D: integer conversion resulted in a change of sign
keypad1.c(180): warning:  #61-D: integer operation result is out of range
keypad1.c(180): warning:  #68-D: integer conversion resulted in a change of sign
keypad1.c(259): warning:  #1-D: last line of file ends without a newline
linking...
Program Size: Code=4300 RO-data=288 RW-data=0 ZI-data=1256  
FromELF: creating hex file...
"keypad1.axf" - 0 Error(s), 17 Warning(s).
Build target 'Target 1'
compiling keypad1.c...
keypad1.c(101): warning:  #61-D: integer operation result is out of range
keypad1.c(101): warning:  #68-D: integer conversion resulted in a change of sign
keypad1.c(103): warning:  #61-D: integer operation result is out of range
keypad1.c(103): warning:  #68-D: integer conversion resulted in a change of sign
keypad1.c(127): warning:  #61-D: integer operation result is out of range
keypad1.c(127): warning:  #68-D: integer conversion resulted in a change of sign
keypad1.c(129): warning:  #61-D: integer operation result is out of range
keypad1.c(129): warning:  #68-D: integer conversion resulted in a change of sign
keypad1.c(153): warning:  #61-D: integer operation result is out of range
keypad1.c(153): warning:  #68-D: integer conversion resulted in a change of sign
keypad1.c(155): warning:  #61-D: integer operation result is out of range
keypad1.c(155): warning:  #68-D: integer conversion resulted in a change of sign
keypad1.c(179): warning:  #61-D: integer operation result is out of range
keypad1.c(179): warning:  #68-D: integer conversion resulted in a change of sign
keypad1.c(181): warning:  #61-D: integer operation result is out of range
keypad1.c(181): warning:  #68-D: integer conversion resulted in a change of sign
keypad1.c(268): warning:  #1-D: last line of file ends without a newline
linking...
Program Size: Code=4396 RO-data=288 RW-data=0 ZI-data=1256  
FromELF: creating hex file...
"keypad1.axf" - 0 Error(s), 17 Warning(s).
Build target 'Target 1'
compiling keypad1.c...
keypad1.c(8): error:  #65: expected a ";"
keypad1.c(104): warning:  #61-D: integer operation result is out of range
keypad1.c(104): warning:  #68-D: integer conversion resulted in a change of sign
keypad1.c(106): warning:  #61-D: integer operation result is out of range
keypad1.c(106): warning:  #68-D: integer conversion resulted in a change of sign
keypad1.c(130): warning:  #61-D: integer operation result is out of range
keypad1.c(130): warning:  #68-D: integer conversion resulted in a change of sign
keypad1.c(132): warning:  #61-D: integer operation result is out of range
keypad1.c(132): warning:  #68-D: integer conversion resulted in a change of sign
keypad1.c(156): warning:  #61-D: integer operation result is out of range
keypad1.c(156): warning:  #68-D: integer conversion resulted in a change of sign
keypad1.c(158): warning:  #61-D: integer operation result is out of range
keypad1.c(158): warning:  #68-D: integer conversion resulted in a change of sign
keypad1.c(182): warning:  #61-D: integer operation result is out of range
keypad1.c(182): warning:  #68-D: integer conversion resulted in a change of sign
keypad1.c(184): warning:  #61-D: integer operation result is out of range
keypad1.c(184): warning:  #68-D: integer conversion resulted in a change of sign
keypad1.c(271): warning:  #1-D: last line of file ends without a newline
Target not created
Build target 'Target 1'
compiling keypad1.c...
keypad1.c(104): warning:  #61-D: integer operation result is out of range
keypad1.c(104): warning:  #68-D: integer conversion resulted in a change of sign
keypad1.c(106): warning:  #61-D: integer operation result is out of range
keypad1.c(106): warning:  #68-D: integer conversion resulted in a change of sign
keypad1.c(130): warning:  #61-D: integer operation result is out of range
keypad1.c(130): warning:  #68-D: integer conversion resulted in a change of sign
keypad1.c(132): warning:  #61-D: integer operation result is out of range
keypad1.c(132): warning:  #68-D: integer conversion resulted in a change of sign
keypad1.c(156): warning:  #61-D: integer operation result is out of range
keypad1.c(156): warning:  #68-D: integer conversion resulted in a change of sign
keypad1.c(158): warning:  #61-D: integer operation result is out of range
keypad1.c(158): warning:  #68-D: integer conversion resulted in a change of sign
keypad1.c(182): warning:  #61-D: integer operation result is out of range
keypad1.c(182): warning:  #68-D: integer conversion resulted in a change of sign
keypad1.c(184): warning:  #61-D: integer operation result is out of range
keypad1.c(184): warning:  #68-D: integer conversion resulted in a change of sign
keypad1.c(271): warning:  #1-D: last line of file ends without a newline
linking...
Program Size: Code=4332 RO-data=288 RW-data=0 ZI-data=1256  
FromELF: creating hex file...
"keypad1.axf" - 0 Error(s), 17 Warning(s).
Build target 'Target 1'
compiling keypad1.c...
keypad1.c(104): warning:  #61-D: integer operation result is out of range
keypad1.c(104): warning:  #68-D: integer conversion resulted in a change of sign
keypad1.c(106): warning:  #61-D: integer operation result is out of range
keypad1.c(106): warning:  #68-D: integer conversion resulted in a change of sign
keypad1.c(130): warning:  #61-D: integer operation result is out of range
keypad1.c(130): warning:  #68-D: integer conversion resulted in a change of sign
keypad1.c(132): warning:  #61-D: integer operation result is out of range
keypad1.c(132): warning:  #68-D: integer conversion resulted in a change of sign
keypad1.c(156): warning:  #61-D: integer operation result is out of range
keypad1.c(156): warning:  #68-D: integer conversion resulted in a change of sign
keypad1.c(158): warning:  #61-D: integer operation result is out of range
keypad1.c(158): warning:  #68-D: integer conversion resulted in a change of sign
keypad1.c(182): warning:  #61-D: integer operation result is out of range
keypad1.c(182): warning:  #68-D: integer conversion resulted in a change of sign
keypad1.c(184): warning:  #61-D: integer operation result is out of range
keypad1.c(184): warning:  #68-D: integer conversion resulted in a change of sign
keypad1.c(272): warning:  #1-D: last line of file ends without a newline
linking...
Program Size: Code=9644 RO-data=464 RW-data=0 ZI-data=1256  
FromELF: creating hex file...
"keypad1.axf" - 0 Error(s), 17 Warning(s).
Build target 'Target 1'
compiling keypad1.c...
keypad1.c(104): warning:  #61-D: integer operation result is out of range
keypad1.c(104): warning:  #68-D: integer conversion resulted in a change of sign
keypad1.c(106): warning:  #61-D: integer operation result is out of range
keypad1.c(106): warning:  #68-D: integer conversion resulted in a change of sign
keypad1.c(130): warning:  #61-D: integer operation result is out of range
keypad1.c(130): warning:  #68-D: integer conversion resulted in a change of sign
keypad1.c(132): warning:  #61-D: integer operation result is out of range
keypad1.c(132): warning:  #68-D: integer conversion resulted in a change of sign
keypad1.c(156): warning:  #61-D: integer operation result is out of range
keypad1.c(156): warning:  #68-D: integer conversion resulted in a change of sign
keypad1.c(158): warning:  #61-D: integer operation result is out of range
keypad1.c(158): warning:  #68-D: integer conversion resulted in a change of sign
keypad1.c(182): warning:  #61-D: integer operation result is out of range
keypad1.c(182): warning:  #68-D: integer conversion resulted in a change of sign
keypad1.c(184): warning:  #61-D: integer operation result is out of range
keypad1.c(184): warning:  #68-D: integer conversion resulted in a change of sign
keypad1.c(271): warning:  #1-D: last line of file ends without a newline
linking...
Program Size: Code=4332 RO-data=288 RW-data=0 ZI-data=1256  
FromELF: creating hex file...
"keypad1.axf" - 0 Error(s), 17 Warning(s).
