<html>
<body>
<pre>
<h1>µVision Build Log</h1>
<h2>Project:</h2>
C:\users\student\Desktop\suhaib\arm7\inter2\inter2.uvproj
Project File Date:  03/04/2021

<h2>Output:</h2>
Build target 'Target 1'
assembling Startup.s...
compiling inter2.c...
inter2.c(5): error:  #20: identifier "a" is undefined
inter2.c(22): warning:  #1-D: last line of file ends without a newline
Target not created
Build target 'Target 1'
compiling inter2.c...
inter2.c(23): warning:  #1-D: last line of file ends without a newline
linking...
Program Size: Code=936 RO-data=32 RW-data=4 ZI-data=1260  
FromELF: creating hex file...
"inter2.axf" - 0 Error(s), 1 Warning(s).
Build target 'Target 1'
compiling inter2.c...
inter2.c(23): warning:  #1-D: last line of file ends without a newline
linking...
Program Size: Code=956 RO-data=32 RW-data=4 ZI-data=1260  
FromELF: creating hex file...
"inter2.axf" - 0 Error(s), 1 Warning(s).
Build target 'Target 1'
assembling Startup.s...
compiling inter2.c...
inter2.c(25): warning:  #1-D: last line of file ends without a newline
linking...
Program Size: Code=956 RO-data=32 RW-data=4 ZI-data=1260  
FromELF: creating hex file...
"inter2.axf" - 0 Error(s), 1 Warning(s).
Build target 'Target 1'
assembling Startup.s...
compiling inter2.c...
inter2.c(25): warning:  #1-D: last line of file ends without a newline
linking...
Program Size: Code=956 RO-data=32 RW-data=4 ZI-data=1260  
FromELF: creating hex file...
"inter2.axf" - 0 Error(s), 1 Warning(s).
