<html>
<body>
<pre>
<h1>µVision Build Log</h1>
<h2>Project:</h2>
C:\users\student\Desktop\suhaib\arm7\uart1\uart1.uvproj
Project File Date:  02/26/2021

<h2>Output:</h2>
Build target 'Target 1'
compiling uart1.c...
uart1.c(19): warning:  #1-D: last line of file ends without a newline
uart1.c(5): warning:  #177-D: variable "a" was declared but never referenced
linking...
Program Size: Code=892 RO-data=16 RW-data=0 ZI-data=1256  
FromELF: creating hex file...
"uart1.axf" - 0 Error(s), 2 Warning(s).
Build target 'Target 1'
compiling uart1.c...
uart1.c(19): warning:  #1-D: last line of file ends without a newline
linking...
Program Size: Code=884 RO-data=28 RW-data=0 ZI-data=1256  
FromELF: creating hex file...
"uart1.axf" - 0 Error(s), 1 Warning(s).
Build target 'Target 1'
compiling uart1.c...
uart1.c(19): warning:  #1-D: last line of file ends without a newline
linking...
Program Size: Code=884 RO-data=28 RW-data=0 ZI-data=1256  
FromELF: creating hex file...
"uart1.axf" - 0 Error(s), 1 Warning(s).
Build target 'Target 1'
compiling uart1.c...
uart1.c(19): warning:  #1-D: last line of file ends without a newline
linking...
Program Size: Code=888 RO-data=28 RW-data=0 ZI-data=1256  
FromELF: creating hex file...
"uart1.axf" - 0 Error(s), 1 Warning(s).
