<html>
<body>
<pre>
<h1>µVision Build Log</h1>
<h2>Project:</h2>
C:\users\student\Desktop\suhaib\armcor\bling1\bling1.uvproj
Project File Date:  03/09/2021

<h2>Output:</h2>
Build target 'Target 1'
assembling startup_LPC17xx.s...
compiling bling1.c...
bling1.c(12): warning:  #69-D: integer conversion resulted in truncation
bling1.c(19): warning:  #1-D: last line of file ends without a newline
linking...
Program Size: Code=400 RO-data=368 RW-data=0 ZI-data=608  
FromELF: creating hex file...
"bling1.axf" - 0 Error(s), 2 Warning(s).
Build target 'Target 1'
compiling bling1.c...
bling1.c(19): warning:  #1-D: last line of file ends without a newline
linking...
Program Size: Code=400 RO-data=368 RW-data=0 ZI-data=608  
FromELF: creating hex file...
"bling1.axf" - 0 Error(s), 1 Warning(s).
Build target 'Target 1'
compiling bling1.c...
bling1.c(42): warning:  #1-D: last line of file ends without a newline
linking...
Program Size: Code=512 RO-data=256 RW-data=0 ZI-data=608  
FromELF: creating hex file...
"bling1.axf" - 0 Error(s), 1 Warning(s).
