Microchip MPLAB XC8 Compiler V1.33 ()

Linker command line:

-W-3 --edf=/opt/microchip/xc8/v1.33/dat/en_msgs.txt -cs \
  -h+dist/default/production/password2.X.production.sym \
  --cmf=dist/default/production/password2.X.production.cmf -z -Q16F876A \
  -o/tmp/cgtDsi5Qi -Mdist/default/production/password2.X.production.map -E1 \
  -ver=XC8 -ASTACK=0110h-016fh -pstack=STACK -ACONST=00h-0FFhx32 \
  -ACODE=00h-07FFhx4 -ASTRCODE=00h-01FFFh -AENTRY=00h-0FFhx32 \
  -ASTRING=00h-0FFhx32 -ACOMMON=070h-07Fh -ABANK0=020h-06Fh \
  -ABANK1=0A0h-0EFh -ABANK2=0110h-016Fh -ABANK3=0190h-01EFh \
  -ARAM=020h-06Fh,0A0h-0EFh,0110h-016Fh,0190h-01EFh \
  -AABS1=020h-07Fh,0A0h-0EFh,0110h-016Fh,0190h-01EFh -ASFR0=00h-01Fh \
  -ASFR1=080h-09Fh -ASFR2=0100h-010Fh -ASFR3=0180h-018Fh \
  -preset_vec=00h,intentry,init,end_init -ppowerup=CODE -pcinit=CODE \
  -pfunctab=CODE -ACONFIG=02007h-02007h -pconfig=CONFIG -DCONFIG=2 \
  -AIDLOC=02000h-02003h -pidloc=IDLOC -DIDLOC=2 -AEEDATA=00h-0FFh/02100h \
  -peeprom_data=EEDATA -DEEDATA=2 -DCODE=2 -DSTRCODE=2 -DSTRING=2 -DCONST=2 \
  -DENTRY=2 -k /tmp/cgtManVNI.obj \
  dist/default/production/password2.X.production.obj 

Object code version is 3.11

Machine type is 16F876A



                Name                               Link     Load   Length Selector   Space Scale
/tmp/cgtManVNI.obj
                end_init                              0        0        3        0       0
                config                             2007     2007        1     400E       0
dist/default/production/password2.X.production.obj
                cinit                               7E2      7E2       1E      FC4       0
                text3                               682      682       2E      D04       0
                text2                               65D      65D       25      CBA       0
                text1                               63C      63C       21      C78       0
                maintext                            700      700       E2      E00       0
                cstackBANK0                          20       20       50       20       1
                cstackCOMMON                         70       70        A       70       1
                cstackBANK1                          A0       A0       2D       A0       1
                inittext                            60D      60D       11      C1A       0
                dataBANK3                           190      190       50      190       1
                dataBANK1                            CD       CD       1E       A0       1
                idataBANK3                          6B0      6B0       50      D60       0
                idataBANK1                          61E      61E       1E      C3C       0

TOTAL           Name                               Link     Load   Length     Space
        CLASS   STACK          

        CLASS   CONST          

        CLASS   CODE           
                end_init                              0        0        3         0
                cinit                               7E2      7E2       1E         0
                text3                               682      682       2E         0
                text2                               65D      65D       25         0
                text1                               63C      63C       21         0
                maintext                            700      700       E2         0
                inittext                            60D      60D       11         0
                idataBANK3                          6B0      6B0       50         0
                idataBANK1                          61E      61E       1E         0

        CLASS   STRCODE        

        CLASS   ENTRY          

        CLASS   STRING         

        CLASS   COMMON         
                cstackCOMMON                         70       70        A         1

        CLASS   BANK0          
                cstackBANK0                          20       20       50         1

        CLASS   BANK1          
                cstackBANK1                          A0       A0       2D         1
                dataBANK1                            CD       CD       1E         1

        CLASS   BANK2          

        CLASS   BANK3          
                dataBANK3                           190      190       50         1

        CLASS   RAM            

        CLASS   ABS1           
                abs_s1                               7E       7E        2         1

        CLASS   SFR0           

        CLASS   SFR1           

        CLASS   SFR2           

        CLASS   SFR3           

        CLASS   CONFIG         
                config                             2007     2007        1         0

        CLASS   IDLOC          

        CLASS   EEDATA         



SEGMENTS        Name                           Load    Length   Top    Selector   Space  Class     Delta

                reset_vec                      000000  000003  000003         0       0  CODE        2
                cstackBANK0                    000020  000050  000070        20       1  BANK0       1
                cstackCOMMON                   000070  00000A  00007A        70       1  COMMON      1
                cstackBANK1                    0000A0  00004B  0000EB        A0       1  BANK1       1
                dataBANK3                      000190  000050  0001E0       190       1  BANK3       1
                inittext                       00060D  000011  00061E       C1A       0  CODE        2
                idataBANK1                     00061E  00001E  00063C       C3C       0  CODE        2
                text1                          00063C  000021  00065D       C78       0  CODE        2
                text2                          00065D  000025  000682       CBA       0  CODE        2
                text3                          000682  00002E  0006B0       D04       0  CODE        2
                idataBANK3                     0006B0  000050  000700       D60       0  CODE        2
                maintext                       000700  0000E2  0007E2       E00       0  CODE        2
                cinit                          0007E2  00001E  000800       FC4       0  CODE        2
                config                         002007  000001  002008      400E       0  CONFIG      2


UNUSED ADDRESS RANGES

        Name                Unused          Largest block    Delta
        BANK1            00EB-00EF              5           1
        BANK2            0110-016F             60           1
        BANK3            01E0-01EF             10           1
        CODE             0003-060C            60A           2
                         0800-1FFF            800
        COMMON           007A-007D              4           1
        CONST            0003-060C            100           2
                         0800-1FFF            100
        EEDATA           2100-21FF            100           2
        ENTRY            0003-060C            100           2
                         0800-1FFF            100
        IDLOC            2000-2003              4           2
        RAM              00EB-00EF              5           1
                         0110-016F             60
                         01E0-01EF             10
        SFR0             0000-001F             20           1
        SFR1             0080-009F             20           1
        SFR2             0100-010F             10           1
        SFR3             0180-018F             10           1
        STACK            0110-016F             60           1
        STRCODE          0003-060C            60A           2
                         0800-1FFF           1800
        STRING           0003-060C            100           2
                         0800-1FFF            100

                                  Symbol Table

?_strcmp                 cstackCOMMON 0070
_RCIF                    (abs)        0065
_RCREG                   (abs)        001A
_RCSTA                   (abs)        0018
_SPBRG                   (abs)        0099
_TRMT                    (abs)        04C1
_TXREG                   (abs)        0019
_TXSTA                   (abs)        0098
__CFG_BOREN$OFF          (abs)        0000
__CFG_CP$OFF             (abs)        0000
__CFG_CPD$OFF            (abs)        0000
__CFG_FOSC$XT            (abs)        0000
__CFG_LVP$OFF            (abs)        0000
__CFG_PWRTE$OFF          (abs)        0000
__CFG_WDTE$OFF           (abs)        0000
__CFG_WRT$OFF            (abs)        0000
__Habs1                  abs1         0000
__Hbank0                 bank0        0000
__Hbank1                 bank1        0000
__Hbank2                 bank2        0000
__Hbank3                 bank3        0000
__Hcinit                 cinit        0800
__Hclrtext               clrtext      0000
__Hcode                  code         0000
__Hcommon                common       0000
__Hconfig                config       2008
__HcstackBANK0           cstackBANK0  0000
__HcstackBANK1           cstackBANK1  0000
__HcstackCOMMON          cstackCOMMON 0000
__HdataBANK1             dataBANK1    0000
__HdataBANK3             dataBANK3    0000
__Heeprom_data           eeprom_data  0000
__Hend_init              end_init     0003
__Hfunctab               functab      0000
__HidataBANK1            idataBANK1   0000
__HidataBANK3            idataBANK3   0000
__Hidloc                 idloc        0000
__Hinit                  init         0000
__Hinittext              inittext     0000
__Hintentry              intentry     0000
__Hmaintext              maintext     0000
__Hpowerup               powerup      0000
__Hram                   ram          0000
__Hreset_vec             reset_vec    0000
__Hsfr0                  sfr0         0000
__Hsfr1                  sfr1         0000
__Hsfr2                  sfr2         0000
__Hsfr3                  sfr3         0000
__Hspace_0               (abs)        2008
__Hspace_1               (abs)        01E0
__Hspace_2               (abs)        0000
__Hspace_3               (abs)        0000
__Hstack                 stack        0000
__Hstrings               strings      0000
__Htext                  text         0000
__Labs1                  abs1         0000
__Lbank0                 bank0        0000
__Lbank1                 bank1        0000
__Lbank2                 bank2        0000
__Lbank3                 bank3        0000
__Lcinit                 cinit        07E2
__Lclrtext               clrtext      0000
__Lcode                  code         0000
__Lcommon                common       0000
__Lconfig                config       2007
__LcstackBANK0           cstackBANK0  0000
__LcstackBANK1           cstackBANK1  0000
__LcstackCOMMON          cstackCOMMON 0000
__LdataBANK1             dataBANK1    0000
__LdataBANK3             dataBANK3    0000
__Leeprom_data           eeprom_data  0000
__Lend_init              end_init     0000
__Lfunctab               functab      0000
__LidataBANK1            idataBANK1   0000
__LidataBANK3            idataBANK3   0000
__Lidloc                 idloc        0000
__Linit                  init         0000
__Linittext              inittext     0000
__Lintentry              intentry     0000
__Lmaintext              maintext     0000
__Lpowerup               powerup      0000
__Lram                   ram          0000
__Lreset_vec             reset_vec    0000
__Lsfr0                  sfr0         0000
__Lsfr1                  sfr1         0000
__Lsfr2                  sfr2         0000
__Lsfr3                  sfr3         0000
__Lspace_0               (abs)        0000
__Lspace_1               (abs)        0000
__Lspace_2               (abs)        0000
__Lspace_3               (abs)        0000
__Lstack                 stack        0000
__Lstrings               strings      0000
__Ltext                  text         0000
__S0                     (abs)        2008
__S1                     (abs)        01E0
__S2                     (abs)        0000
__S3                     (abs)        0000
___int_sp                stack        0000
___latbits               (abs)        0002
___sp                    stack        0000
__end_of__initialization cinit        07FC
__end_of_main            maintext     07E2
__end_of_rx              text3        06B0
__end_of_strcmp          text2        0682
__end_of_tx              text1        065D
__initialization         cinit        07E2
__pcstackBANK0           cstackBANK0  0020
__pcstackBANK1           cstackBANK1  00A0
__pcstackCOMMON          cstackCOMMON 0070
__pdataBANK1             dataBANK1    00CD
__pdataBANK3             dataBANK3    0190
__pidataBANK1            idataBANK1   061E
__pidataBANK3            idataBANK3   06B0
__pmaintext              maintext     0700
__ptext1                 text1        063C
__ptext2                 text2        065D
__ptext3                 text3        0682
__size_of_main           (abs)        0000
__size_of_rx             (abs)        0000
__size_of_strcmp         (abs)        0000
__size_of_tx             (abs)        0000
_main                    maintext     0700
_rx                      text3        0682
_strcmp                  text2        065D
_tx                      text1        063C
btemp                    (abs)        007E
end_of_initialization    cinit        07FC
init_fetch0              inittext     060D
init_ram0                inittext     0611
intlevel0                functab      0000
intlevel1                functab      0000
intlevel2                functab      0000
intlevel3                functab      0000
intlevel4                functab      0000
intlevel5                functab      0000
ltemp                    (abs)        007E
ltemp0                   (abs)        007E
ltemp1                   (abs)        0082
ltemp2                   (abs)        0086
ltemp3                   (abs)        0080
main@F1138               dataBANK3    0190
main@F1140               dataBANK1    00DB
main@F1143               dataBANK3    01BA
main@F1145               dataBANK1    00E4
main@F1147               dataBANK3    01A5
main@F1149               dataBANK3    01CD
main@F1151               dataBANK1    00CD
main@a                   cstackBANK0  0020
main@b                   cstackBANK1  00C4
main@c                   cstackBANK1  00B5
main@d                   cstackBANK0  005D
main@e                   cstackBANK1  00A0
main@f                   cstackBANK1  00AE
main@g                   cstackBANK0  0035
main@h                   cstackBANK0  004A
reset_vec                reset_vec    0000
rx@j                     cstackCOMMON 0072
rx@y                     cstackCOMMON 0074
stackhi                  (abs)        0000
stacklo                  (abs)        0000
start                    init         0000
start_initialization     cinit        07E2
strcmp@r                 cstackCOMMON 0074
strcmp@s1                cstackCOMMON 0075
strcmp@s2                cstackCOMMON 0070
ttemp                    (abs)        007E
ttemp0                   (abs)        007E
ttemp1                   (abs)        0081
ttemp2                   (abs)        0084
ttemp3                   (abs)        0087
ttemp4                   (abs)        007F
tx@i                     cstackCOMMON 0071
tx@x                     cstackCOMMON 0073
wtemp                    (abs)        007E
wtemp0                   (abs)        007E
wtemp1                   (abs)        0080
wtemp2                   (abs)        0082
wtemp3                   (abs)        0084
wtemp4                   (abs)        0086
wtemp5                   (abs)        0088
wtemp6                   (abs)        007F


FUNCTION INFORMATION:

 *************** function _main *****************
 Defined at:
		line 47 in file "password2.c"
 Parameters:    Size  Location     Type
		None
 Auto vars:     Size  Location     Type
  g              21   21[BANK0 ] unsigned char [21]
  a              21    0[BANK0 ] unsigned char [21]
  d              19   61[BANK0 ] unsigned char [19]
  h              19   42[BANK0 ] unsigned char [19]
  c              15   21[BANK1 ] unsigned char [15]
  e              14    0[BANK1 ] unsigned char [14]
  b               9   36[BANK1 ] unsigned char [9]
  f               7   14[BANK1 ] unsigned char [7]
  i               2    0        int 
 Return value:  Size  Location     Type
		None               void
 Registers used:
		wreg, fsr0l, fsr0h, status,2, status,0, pclath, cstack
 Tracked objects:
		On entry : 
		On exit  : 
		Unchanged: 
 Data sizes:     COMMON   BANK0   BANK1   BANK3   BANK2
      Params:         0       0       0       0       0
      Locals:         0      80      45       0       0
      Temps:          4       0       0       0       0
      Totals:         4      80      45       0       0
Total ram usage:      129 bytes
 Hardware stack levels required when called:    1
 This function calls:
		_rx
		_strcmp
		_tx
 This function is called by:
		Startup code after reset
 This function uses a non-reentrant model


 *************** function _tx *****************
 Defined at:
		line 18 in file "password2.c"
 Parameters:    Size  Location     Type
  x               1    wreg     PTR unsigned char 
		 -> main@e(14), main@d(19), main@g(21), main@h(19), 
		 -> main@a(21), 
 Auto vars:     Size  Location     Type
  x               1    3[COMMON] PTR unsigned char 
		 -> main@e(14), main@d(19), main@g(21), main@h(19), 
		 -> main@a(21), 
  i               2    1[COMMON] int 
 Return value:  Size  Location     Type
		None               void
 Registers used:
		wreg, fsr0l, fsr0h, status,2, status,0
 Tracked objects:
		On entry : 
		On exit  : 
		Unchanged: 
 Data sizes:     COMMON   BANK0   BANK1   BANK3   BANK2
      Params:         0       0       0       0       0
      Locals:         3       0       0       0       0
      Temps:          1       0       0       0       0
      Totals:         4       0       0       0       0
Total ram usage:        4 bytes
 Hardware stack levels used:    1
 This function calls:
		Nothing
 This function is called by:
		_main
 This function uses a non-reentrant model


 *************** function _strcmp *****************
 Defined at:
		line 33 in file "/opt/microchip/xc8/v1.33/sources/common/strcmp.c"
 Parameters:    Size  Location     Type
  s1              1    wreg     PTR const unsigned char 
		 -> main@f(7), main@b(9), 
  s2              1    0[COMMON] PTR const unsigned char 
		 -> main@c(15), 
 Auto vars:     Size  Location     Type
  s1              1    5[COMMON] PTR const unsigned char 
		 -> main@f(7), main@b(9), 
  r               1    4[COMMON] char 
 Return value:  Size  Location     Type
                  2    0[COMMON] int 
 Registers used:
		wreg, fsr0l, fsr0h, status,2, status,0
 Tracked objects:
		On entry : 
		On exit  : 
		Unchanged: 
 Data sizes:     COMMON   BANK0   BANK1   BANK3   BANK2
      Params:         2       0       0       0       0
      Locals:         2       0       0       0       0
      Temps:          2       0       0       0       0
      Totals:         6       0       0       0       0
Total ram usage:        6 bytes
 Hardware stack levels used:    1
 This function calls:
		Nothing
 This function is called by:
		_main
 This function uses a non-reentrant model


 *************** function _rx *****************
 Defined at:
		line 28 in file "password2.c"
 Parameters:    Size  Location     Type
  y               1    wreg     PTR unsigned char 
		 -> main@c(15), main@b(9), 
 Auto vars:     Size  Location     Type
  y               1    4[COMMON] PTR unsigned char 
		 -> main@c(15), main@b(9), 
  j               2    2[COMMON] int 
 Return value:  Size  Location     Type
		None               void
 Registers used:
		wreg, fsr0l, fsr0h, status,2, status,0
 Tracked objects:
		On entry : 
		On exit  : 
		Unchanged: 
 Data sizes:     COMMON   BANK0   BANK1   BANK3   BANK2
      Params:         0       0       0       0       0
      Locals:         3       0       0       0       0
      Temps:          2       0       0       0       0
      Totals:         5       0       0       0       0
Total ram usage:        5 bytes
 Hardware stack levels used:    1
 This function calls:
		Nothing
 This function is called by:
		_main
 This function uses a non-reentrant model



MODULE INFORMATION

Module		Function		Class		Link	Load	Size
password2.c
		_main          		CODE           	0700	0000	226
		_rx            		CODE           	0682	0000	46
		_tx            		CODE           	063C	0000	33

password2.c estimated size: 305

/opt/microchip/xc8/v1.33/sources/common/strcmp.c
		_strcmp        		CODE           	065D	0000	37

/opt/microchip/xc8/v1.33/sources/common/strcmp.c estimated size: 37

shared
		__initializatio		CODE           	07E2	0000	26

shared estimated size: 26

