<html>
<body>
<pre>
<h1>µVision Build Log</h1>
<h2>Project:</h2>
C:\users\student\Desktop\suhaib\armcor\stopwatch\STOP.uvproj
Project File Date:  03/11/2021

<h2>Output:</h2>
Build target 'Target 1'
assembling startup_LPC17xx.s...
compiling stop.c...
stop.c(87): error:  #65: expected a ";"
stop.c(101): warning:  #1-D: last line of file ends without a newline
stop.c(30): warning:  #177-D: variable "i" was declared but never referenced
Target not created
Build target 'Target 1'
compiling stop.c...
stop.c(101): warning:  #1-D: last line of file ends without a newline
stop.c(30): warning:  #177-D: variable "i" was declared but never referenced
linking...
Program Size: Code=1264 RO-data=220 RW-data=0 ZI-data=608  
FromELF: creating hex file...
"STOP.axf" - 0 Error(s), 2 Warning(s).
Build target 'Target 1'
compiling stop.c...
linking...
Program Size: Code=1264 RO-data=220 RW-data=0 ZI-data=608  
FromELF: creating hex file...
"STOP.axf" - 0 Error(s), 0 Warning(s).
Build target 'Target 1'
assembling startup_LPC17xx.s...
compiling stop.c...
linking...
Program Size: Code=1264 RO-data=220 RW-data=0 ZI-data=608  
FromELF: creating hex file...
"STOP.axf" - 0 Error(s), 0 Warning(s).
Build target 'Target 1'
assembling startup_LPC17xx.s...
compiling stop.c...
linking...
Program Size: Code=1264 RO-data=220 RW-data=0 ZI-data=608  
FromELF: creating hex file...
"STOP.axf" - 0 Error(s), 0 Warning(s).
