<html>
<body>
<pre>
<h1>µVision Build Log</h1>
<h2>Project:</h2>
C:\users\student\Desktop\suhaib\arm7\inter4\inter4.uvproj
Project File Date:  03/05/2021

<h2>Output:</h2>
Build target 'Target 1'
assembling Startup.s...
compiling inter4.c...
inter4.c(36): warning:  #1-D: last line of file ends without a newline
linking...
Program Size: Code=952 RO-data=16 RW-data=0 ZI-data=1256  
FromELF: creating hex file...
"inter4.axf" - 0 Error(s), 1 Warning(s).
Build target 'Target 1'
compiling inter4.c...
inter4.c(36): warning:  #1-D: last line of file ends without a newline
linking...
Program Size: Code=952 RO-data=16 RW-data=0 ZI-data=1256  
FromELF: creating hex file...
"inter4.axf" - 0 Error(s), 1 Warning(s).
Build target 'Target 1'
compiling inter4.c...
linking...
Program Size: Code=952 RO-data=16 RW-data=0 ZI-data=1256  
FromELF: creating hex file...
"inter4.axf" - 0 Error(s), 0 Warning(s).
Build target 'Target 1'
compiling inter4.c...
linking...
Program Size: Code=952 RO-data=16 RW-data=0 ZI-data=1256  
FromELF: creating hex file...
"inter4.axf" - 0 Error(s), 0 Warning(s).
Build target 'Target 1'
compiling inter4.c...
linking...
Program Size: Code=948 RO-data=16 RW-data=0 ZI-data=1256  
FromELF: creating hex file...
"inter4.axf" - 0 Error(s), 0 Warning(s).
Build target 'Target 1'
compiling inter4.c...
linking...
Program Size: Code=1040 RO-data=16 RW-data=0 ZI-data=1256  
FromELF: creating hex file...
"inter4.axf" - 0 Error(s), 0 Warning(s).
Build target 'Target 1'
compiling inter4.c...
linking...
Program Size: Code=1040 RO-data=16 RW-data=0 ZI-data=1256  
FromELF: creating hex file...
"inter4.axf" - 0 Error(s), 0 Warning(s).
Build target 'Target 1'
compiling inter4.c...
linking...
Program Size: Code=1040 RO-data=16 RW-data=0 ZI-data=1256  
FromELF: creating hex file...
"inter4.axf" - 0 Error(s), 0 Warning(s).
Build target 'Target 1'
compiling inter4.c...
linking...
Program Size: Code=1036 RO-data=16 RW-data=0 ZI-data=1256  
FromELF: creating hex file...
"inter4.axf" - 0 Error(s), 0 Warning(s).
