<html>
<body>
<pre>
<h1>µVision Build Log</h1>
<h2>Project:</h2>
C:\users\student\Desktop\suhaib\arm7\vectinter2\vectint2.uvproj
Project File Date:  03/05/2021

<h2>Output:</h2>
Build target 'Target 1'
assembling Startup.s...
compiling vect2.c...
linking...
Program Size: Code=944 RO-data=16 RW-data=0 ZI-data=1256  
FromELF: creating hex file...
"vectint2.axf" - 0 Error(s), 0 Warning(s).
Build target 'Target 1'
compiling vect2.c...
linking...
Program Size: Code=948 RO-data=16 RW-data=0 ZI-data=1256  
FromELF: creating hex file...
"vectint2.axf" - 0 Error(s), 0 Warning(s).
