Microchip MPLAB XC8 Compiler V1.33 ()

Linker command line:

-W-3 --edf=/opt/microchip/xc8/v1.33/dat/en_msgs.txt -cs \
  -h+dist/default/production/timer2.X.production.sym \
  --cmf=dist/default/production/timer2.X.production.cmf -z -Q16F876A \
  -o/tmp/cgtm7bYwT -Mdist/default/production/timer2.X.production.map -E1 \
  -ver=XC8 -ASTACK=0110h-016fh -pstack=STACK -ACONST=00h-0FFhx32 \
  -ACODE=00h-07FFhx4 -ASTRCODE=00h-01FFFh -AENTRY=00h-0FFhx32 \
  -ASTRING=00h-0FFhx32 -ACOMMON=070h-07Fh -ABANK0=020h-06Fh \
  -ABANK1=0A0h-0EFh -ABANK2=0110h-016Fh -ABANK3=0190h-01EFh \
  -ARAM=020h-06Fh,0A0h-0EFh,0110h-016Fh,0190h-01EFh \
  -AABS1=020h-07Fh,0A0h-0EFh,0110h-016Fh,0190h-01EFh -ASFR0=00h-01Fh \
  -ASFR1=080h-09Fh -ASFR2=0100h-010Fh -ASFR3=0180h-018Fh \
  -preset_vec=00h,intentry,init,end_init -ppowerup=CODE -pcinit=CODE \
  -pfunctab=CODE -ACONFIG=02007h-02007h -pconfig=CONFIG -DCONFIG=2 \
  -AIDLOC=02000h-02003h -pidloc=IDLOC -DIDLOC=2 -AEEDATA=00h-0FFh/02100h \
  -peeprom_data=EEDATA -DEEDATA=2 -DCODE=2 -DSTRCODE=2 -DSTRING=2 -DCONST=2 \
  -DENTRY=2 -k /tmp/cgtc5BVjQ.obj \
  dist/default/production/timer2.X.production.obj 

Object code version is 3.11

Machine type is 16F876A



                Name                               Link     Load   Length Selector   Space Scale
/tmp/cgtc5BVjQ.obj
                end_init                              0        0        3        0       0
                config                             2007     2007        1     400E       0
dist/default/production/timer2.X.production.obj
                cinit                               7F0      7F0       10      FE0       0
                text8                               469      469       23      8D2       0
                text7                               429      429        E      852       0
                text6                               574      574       6D      AE8       0
                text5                               535      535       3F      A6A       0
                text4                               4F7      4F7       3E      9EE       0
                text3                               48C      48C       34      918       0
                text2                               5E1      5E1       D9      BC2       0
                text1                               448      448       21      890       0
                maintext                            6BA      6BA      136      D74       0
                cstackBANK0                          57       57       17       20       1
                cstackCOMMON                         70       70        E       70       1
                cstackBANK3                         190      190       53      190       1
                inittext                            437      437       11      86E       0
                dataBANK0                            20       20       37       20       1
                strings                               3        3       1A        6       0
                idataBANK0                          4C0      4C0       37      980       0

TOTAL           Name                               Link     Load   Length     Space
        CLASS   STACK          

        CLASS   CONST          

        CLASS   CODE           
                end_init                              0        0        3         0
                cinit                               7F0      7F0       10         0
                text8                               469      469       23         0
                text7                               429      429        E         0
                text6                               574      574       6D         0
                text5                               535      535       3F         0
                text4                               4F7      4F7       3E         0
                text3                               48C      48C       34         0
                text2                               5E1      5E1       D9         0
                text1                               448      448       21         0
                maintext                            6BA      6BA      136         0
                inittext                            437      437       11         0
                idataBANK0                          4C0      4C0       37         0

        CLASS   STRCODE        

        CLASS   ENTRY          

        CLASS   STRING         
                strings                               3        3       1A         0

        CLASS   COMMON         
                cstackCOMMON                         70       70        E         1

        CLASS   BANK0          
                cstackBANK0                          57       57       17         1
                dataBANK0                            20       20       37         1

        CLASS   BANK1          

        CLASS   BANK2          

        CLASS   BANK3          
                cstackBANK3                         190      190       53         1

        CLASS   RAM            

        CLASS   ABS1           
                abs_s1                               7E       7E        2         1

        CLASS   SFR0           

        CLASS   SFR1           

        CLASS   SFR2           

        CLASS   SFR3           

        CLASS   CONFIG         
                config                             2007     2007        1         0

        CLASS   IDLOC          

        CLASS   EEDATA         



SEGMENTS        Name                           Load    Length   Top    Selector   Space  Class     Delta

                reset_vec                      000000  000003  000003         0       0  CODE        2
                strings                        000003  00001A  00001D         6       0  STRING      2
                dataBANK0                      000020  00004E  00006E        20       1  BANK0       1
                cstackCOMMON                   000070  00000E  00007E        70       1  COMMON      1
                cstackBANK3                    000190  000053  0001E3       190       1  BANK3       1
                text7                          000429  00000E  000437       852       0  CODE        2
                inittext                       000437  000011  000448       86E       0  CODE        2
                text1                          000448  000021  000469       890       0  CODE        2
                text8                          000469  000023  00048C       8D2       0  CODE        2
                text3                          00048C  000034  0004C0       918       0  CODE        2
                idataBANK0                     0004C0  000037  0004F7       980       0  CODE        2
                text4                          0004F7  00003E  000535       9EE       0  CODE        2
                text5                          000535  00003F  000574       A6A       0  CODE        2
                text6                          000574  00006D  0005E1       AE8       0  CODE        2
                text2                          0005E1  0000D9  0006BA       BC2       0  CODE        2
                maintext                       0006BA  000136  0007F0       D74       0  CODE        2
                cinit                          0007F0  000010  000800       FE0       0  CODE        2
                config                         002007  000001  002008      400E       0  CONFIG      2


UNUSED ADDRESS RANGES

        Name                Unused          Largest block    Delta
        BANK0            006E-006F              2           1
        BANK1            00A0-00EF             50           1
        BANK2            0110-016F             60           1
        BANK3            01E3-01EF              D           1
        CODE             001D-0428            40C           2
                         0800-1FFF            800
        CONST            001D-0428            100           2
                         0800-1FFF            100
        EEDATA           2100-21FF            100           2
        ENTRY            001D-0428            100           2
                         0800-1FFF            100
        IDLOC            2000-2003              4           2
        RAM              006E-006F              2           1
                         00A0-00EF             50
                         0110-016F             60
                         01E3-01EF              D
        SFR0             0000-001F             20           1
        SFR1             0080-009F             20           1
        SFR2             0100-010F             10           1
        SFR3             0180-018F             10           1
        STACK            0110-016F             60           1
        STRCODE          001D-0428            40C           2
                         0800-1FFF           1800
        STRING           001D-0428            100           2
                         0800-1FFF            100

                                  Symbol Table

?___lwdiv                cstackCOMMON 0070
?___lwmod                cstackCOMMON 0078
?___wmul                 cstackCOMMON 0070
?_atoi                   cstackCOMMON 0076
?_rx                     cstackBANK0  0057
?_sprintf                cstackBANK0  0057
_OPTION_REG              (abs)        0081
_PORTB                   (abs)        0006
_RCIF                    (abs)        0065
_RCREG                   (abs)        001A
_RCSTA                   (abs)        0018
_SPBRG                   (abs)        0099
_TMR0                    (abs)        0001
_TRISB                   (abs)        0086
_TRMT                    (abs)        04C1
_TXREG                   (abs)        0019
_TXSTA                   (abs)        0098
__CFG_BOREN$OFF          (abs)        0000
__CFG_CP$OFF             (abs)        0000
__CFG_CPD$OFF            (abs)        0000
__CFG_FOSC$XT            (abs)        0000
__CFG_LVP$OFF            (abs)        0000
__CFG_PWRTE$OFF          (abs)        0000
__CFG_WDTE$OFF           (abs)        0000
__CFG_WRT$OFF            (abs)        0000
__Habs1                  abs1         0000
__Hbank0                 bank0        0000
__Hbank1                 bank1        0000
__Hbank2                 bank2        0000
__Hbank3                 bank3        0000
__Hcinit                 cinit        0800
__Hclrtext               clrtext      0000
__Hcode                  code         0000
__Hcommon                common       0000
__Hconfig                config       2008
__HcstackBANK0           cstackBANK0  0000
__HcstackBANK3           cstackBANK3  0000
__HcstackCOMMON          cstackCOMMON 0000
__HdataBANK0             dataBANK0    0000
__Heeprom_data           eeprom_data  0000
__Hend_init              end_init     0003
__Hfunctab               functab      0000
__HidataBANK0            idataBANK0   0000
__Hidloc                 idloc        0000
__Hinit                  init         0000
__Hinittext              inittext     0000
__Hintentry              intentry     0000
__Hmaintext              maintext     0000
__Hpowerup               powerup      0000
__Hram                   ram          0000
__Hreset_vec             reset_vec    0000
__Hsfr0                  sfr0         0000
__Hsfr1                  sfr1         0000
__Hsfr2                  sfr2         0000
__Hsfr3                  sfr3         0000
__Hspace_0               (abs)        2008
__Hspace_1               (abs)        01E3
__Hspace_2               (abs)        0000
__Hspace_3               (abs)        0000
__Hstack                 stack        0000
__Hstrings               strings      0000
__Htext                  text         0000
__Labs1                  abs1         0000
__Lbank0                 bank0        0000
__Lbank1                 bank1        0000
__Lbank2                 bank2        0000
__Lbank3                 bank3        0000
__Lcinit                 cinit        07F0
__Lclrtext               clrtext      0000
__Lcode                  code         0000
__Lcommon                common       0000
__Lconfig                config       2007
__LcstackBANK0           cstackBANK0  0000
__LcstackBANK3           cstackBANK3  0000
__LcstackCOMMON          cstackCOMMON 0000
__LdataBANK0             dataBANK0    0000
__Leeprom_data           eeprom_data  0000
__Lend_init              end_init     0000
__Lfunctab               functab      0000
__LidataBANK0            idataBANK0   0000
__Lidloc                 idloc        0000
__Linit                  init         0000
__Linittext              inittext     0000
__Lintentry              intentry     0000
__Lmaintext              maintext     0000
__Lpowerup               powerup      0000
__Lram                   ram          0000
__Lreset_vec             reset_vec    0000
__Lsfr0                  sfr0         0000
__Lsfr1                  sfr1         0000
__Lsfr2                  sfr2         0000
__Lsfr3                  sfr3         0000
__Lspace_0               (abs)        0000
__Lspace_1               (abs)        0000
__Lspace_2               (abs)        0000
__Lspace_3               (abs)        0000
__Lstack                 stack        0000
__Lstrings               strings      0000
__Ltext                  text         0000
__S0                     (abs)        2008
__S1                     (abs)        01E3
__S2                     (abs)        0000
__S3                     (abs)        0000
___int_sp                stack        0000
___latbits               (abs)        0002
___lwdiv                 text4        04F7
___lwdiv@counter         cstackCOMMON 0077
___lwdiv@dividend        cstackCOMMON 0072
___lwdiv@divisor         cstackCOMMON 0070
___lwdiv@quotient        cstackCOMMON 0075
___lwmod                 text3        048C
___lwmod@counter         cstackCOMMON 007D
___lwmod@dividend        cstackCOMMON 007A
___lwmod@divisor         cstackCOMMON 0078
___sp                    stack        0000
___wmul                  text8        0469
___wmul@multiplicand     cstackCOMMON 0072
___wmul@multiplier       cstackCOMMON 0070
___wmul@product          cstackCOMMON 0074
__end_of___lwdiv         text4        0535
__end_of___lwmod         text3        04C0
__end_of___wmul          text8        048C
__end_of__initialization cinit        07FC
__end_of__stringdata     strings      001D
__end_of__stringtab      strings      0009
__end_of_atoi            text6        05E1
__end_of_dpowers         strings      0013
__end_of_isdigit         text7        0437
__end_of_main            maintext     07F0
__end_of_rx              text5        0574
__end_of_sprintf         text2        06BA
__end_of_tx              text1        0469
__initialization         cinit        07F0
__pcstackBANK0           cstackBANK0  0057
__pcstackBANK3           cstackBANK3  0190
__pcstackCOMMON          cstackCOMMON 0070
__pdataBANK0             dataBANK0    0020
__pidataBANK0            idataBANK0   04C0
__pmaintext              maintext     06BA
__pstrings               strings      0003
__ptext1                 text1        0448
__ptext2                 text2        05E1
__ptext3                 text3        048C
__ptext4                 text4        04F7
__ptext5                 text5        0535
__ptext6                 text6        0574
__ptext7                 text7        0429
__ptext8                 text8        0469
__size_of___lwdiv        (abs)        0000
__size_of___lwmod        (abs)        0000
__size_of___wmul         (abs)        0000
__size_of_atoi           (abs)        0000
__size_of_isdigit        (abs)        0000
__size_of_main           (abs)        0000
__size_of_rx             (abs)        0000
__size_of_sprintf        (abs)        0000
__size_of_tx             (abs)        0000
__stringbase             strings      0008
__stringdata             strings      0013
__stringtab              strings      0003
_atoi                    text6        0574
_dpowers                 strings      0009
_isdigit                 text7        0429
_isdigit$287             cstackCOMMON 0070
_main                    maintext     06BA
_rx                      text5        0535
_sprintf                 text2        05E1
_tx                      text1        0448
atoi@a                   cstackCOMMON 007B
atoi@s                   cstackCOMMON 007D
atoi@sign                cstackCOMMON 007A
btemp                    (abs)        007E
end_of_initialization    cinit        07FC
init_fetch0              inittext     0437
init_ram0                inittext     043B
intlevel0                functab      0000
intlevel1                functab      0000
intlevel2                functab      0000
intlevel3                functab      0000
intlevel4                functab      0000
intlevel5                functab      0000
isdigit@c                cstackCOMMON 0071
ltemp                    (abs)        007E
ltemp0                   (abs)        007E
ltemp1                   (abs)        0082
ltemp2                   (abs)        0086
ltemp3                   (abs)        0080
main@F1182               dataBANK0    0046
main@F1184               dataBANK0    0020
main@F1186               dataBANK0    0033
main@a                   cstackBANK3  01C7
main@b                   cstackBANK3  01B6
main@c                   cstackBANK3  01A3
main@d                   cstackBANK3  0190
main@h                   cstackBANK3  01DD
main@i                   cstackBANK3  01DB
main@m                   cstackBANK3  01DF
main@s                   cstackBANK3  01E1
reset_vec                reset_vec    0000
rx@i                     cstackBANK0  0061
rx@x                     cstackBANK0  005C
rx@y                     cstackBANK0  005A
sprintf@_val             cstackBANK0  0064
sprintf@ap               cstackBANK0  0061
sprintf@c                cstackBANK0  0069
sprintf@f                cstackBANK0  0057
sprintf@flag             cstackBANK0  0062
sprintf@prec             cstackBANK0  0063
sprintf@sp               cstackBANK0  0068
stackhi                  (abs)        0000
stacklo                  (abs)        0000
start                    init         0000
start_initialization     cinit        07F0
ttemp                    (abs)        007E
ttemp0                   (abs)        007E
ttemp1                   (abs)        0081
ttemp2                   (abs)        0084
ttemp3                   (abs)        0087
ttemp4                   (abs)        007F
tx@i                     cstackCOMMON 0071
tx@x                     cstackCOMMON 0073
wtemp                    (abs)        007E
wtemp0                   (abs)        007E
wtemp1                   (abs)        0080
wtemp2                   (abs)        0082
wtemp3                   (abs)        0084
wtemp4                   (abs)        0086
wtemp5                   (abs)        0088
wtemp6                   (abs)        007F


FUNCTION INFORMATION:

 *************** function _main *****************
 Defined at:
		line 50 in file "timer2.c"
 Parameters:    Size  Location     Type
		None
 Auto vars:     Size  Location     Type
  a              20   55[BANK3 ] unsigned char [20]
  c              19   19[BANK3 ] unsigned char [19]
  d              19    0[BANK3 ] unsigned char [19]
  b              17   38[BANK3 ] unsigned char [17]
  s               2   81[BANK3 ] int 
  m               2   79[BANK3 ] int 
  h               2   77[BANK3 ] int 
  i               2   75[BANK3 ] int 
  j               2    0        int 
  x               1    0        unsigned char 
 Return value:  Size  Location     Type
		None               void
 Registers used:
		wreg, fsr0l, fsr0h, status,2, status,0, btemp+1, pclath, cstack
 Tracked objects:
		On entry : 
		On exit  : 
		Unchanged: 
 Data sizes:     COMMON   BANK0   BANK1   BANK3   BANK2
      Params:         0       0       0       0       0
      Locals:         0       0       0      83       0
      Temps:          0       4       0       0       0
      Totals:         0       4       0      83       0
Total ram usage:       87 bytes
 Hardware stack levels required when called:    3
 This function calls:
		_rx
		_sprintf
		_tx
 This function is called by:
		Startup code after reset
 This function uses a non-reentrant model


 *************** function _tx *****************
 Defined at:
		line 18 in file "timer2.c"
 Parameters:    Size  Location     Type
  x               1    wreg     PTR unsigned char 
		 -> main@a(20), main@c(19), main@d(19), main@b(17), 
 Auto vars:     Size  Location     Type
  x               1    3[COMMON] PTR unsigned char 
		 -> main@a(20), main@c(19), main@d(19), main@b(17), 
  i               2    1[COMMON] int 
 Return value:  Size  Location     Type
		None               void
 Registers used:
		wreg, fsr0l, fsr0h, status,2, status,0
 Tracked objects:
		On entry : 
		On exit  : 
		Unchanged: 
 Data sizes:     COMMON   BANK0   BANK1   BANK3   BANK2
      Params:         0       0       0       0       0
      Locals:         3       0       0       0       0
      Temps:          1       0       0       0       0
      Totals:         4       0       0       0       0
Total ram usage:        4 bytes
 Hardware stack levels used:    1
 This function calls:
		Nothing
 This function is called by:
		_main
 This function uses a non-reentrant model


 *************** function _sprintf *****************
 Defined at:
		line 492 in file "/opt/microchip/xc8/v1.33/sources/common/doprnt.c"
 Parameters:    Size  Location     Type
  sp              1    wreg     PTR unsigned char 
		 -> main@a(20), 
  f               1    0[BANK0 ] PTR const unsigned char 
		 -> STR_1(10), 
 Auto vars:     Size  Location     Type
  sp              1   17[BANK0 ] PTR unsigned char 
		 -> main@a(20), 
  _val            4   13[BANK0 ] struct .
  c               1   18[BANK0 ] char 
  prec            1   12[BANK0 ] char 
  flag            1   11[BANK0 ] unsigned char 
  ap              1   10[BANK0 ] PTR void [1]
		 -> ?_sprintf(2), 
 Return value:  Size  Location     Type
                  2    0[BANK0 ] int 
 Registers used:
		wreg, fsr0l, fsr0h, status,2, status,0, btemp+1, pclath, cstack
 Tracked objects:
		On entry : 
		On exit  : 
		Unchanged: 
 Data sizes:     COMMON   BANK0   BANK1   BANK3   BANK2
      Params:         0       7       0       0       0
      Locals:         0       9       0       0       0
      Temps:          0       3       0       0       0
      Totals:         0      19       0       0       0
Total ram usage:       19 bytes
 Hardware stack levels used:    1
 Hardware stack levels required when called:    1
 This function calls:
		___lwdiv
		___lwmod
 This function is called by:
		_main
 This function uses a non-reentrant model


 *************** function ___lwmod *****************
 Defined at:
		line 6 in file "/opt/microchip/xc8/v1.33/sources/common/lwmod.c"
 Parameters:    Size  Location     Type
  divisor         2    8[COMMON] unsigned int 
  dividend        2   10[COMMON] unsigned int 
 Auto vars:     Size  Location     Type
  counter         1   13[COMMON] unsigned char 
 Return value:  Size  Location     Type
                  2    8[COMMON] unsigned int 
 Registers used:
		wreg, status,2, status,0
 Tracked objects:
		On entry : 
		On exit  : 
		Unchanged: 
 Data sizes:     COMMON   BANK0   BANK1   BANK3   BANK2
      Params:         4       0       0       0       0
      Locals:         1       0       0       0       0
      Temps:          1       0       0       0       0
      Totals:         6       0       0       0       0
Total ram usage:        6 bytes
 Hardware stack levels used:    1
 This function calls:
		Nothing
 This function is called by:
		_sprintf
 This function uses a non-reentrant model


 *************** function ___lwdiv *****************
 Defined at:
		line 6 in file "/opt/microchip/xc8/v1.33/sources/common/lwdiv.c"
 Parameters:    Size  Location     Type
  divisor         2    0[COMMON] unsigned int 
  dividend        2    2[COMMON] unsigned int 
 Auto vars:     Size  Location     Type
  quotient        2    5[COMMON] unsigned int 
  counter         1    7[COMMON] unsigned char 
 Return value:  Size  Location     Type
                  2    0[COMMON] unsigned int 
 Registers used:
		wreg, status,2, status,0
 Tracked objects:
		On entry : 
		On exit  : 
		Unchanged: 
 Data sizes:     COMMON   BANK0   BANK1   BANK3   BANK2
      Params:         4       0       0       0       0
      Locals:         3       0       0       0       0
      Temps:          1       0       0       0       0
      Totals:         8       0       0       0       0
Total ram usage:        8 bytes
 Hardware stack levels used:    1
 This function calls:
		Nothing
 This function is called by:
		_sprintf
 This function uses a non-reentrant model


 *************** function _rx *****************
 Defined at:
		line 28 in file "timer2.c"
 Parameters:    Size  Location     Type
		None
 Auto vars:     Size  Location     Type
  x               5    5[BANK0 ] unsigned char [5]
  i               2   10[BANK0 ] int 
  y               2    3[BANK0 ] int 
 Return value:  Size  Location     Type
                  2    0[BANK0 ] int 
 Registers used:
		wreg, fsr0l, fsr0h, status,2, status,0, pclath, cstack
 Tracked objects:
		On entry : 
		On exit  : 
		Unchanged: 
 Data sizes:     COMMON   BANK0   BANK1   BANK3   BANK2
      Params:         0       2       0       0       0
      Locals:         0       9       0       0       0
      Temps:          0       1       0       0       0
      Totals:         0      12       0       0       0
Total ram usage:       12 bytes
 Hardware stack levels used:    1
 Hardware stack levels required when called:    2
 This function calls:
		_atoi
 This function is called by:
		_main
 This function uses a non-reentrant model


 *************** function _atoi *****************
 Defined at:
		line 5 in file "/opt/microchip/xc8/v1.33/sources/common/atoi.c"
 Parameters:    Size  Location     Type
  s               1    wreg     PTR const unsigned char 
		 -> rx@x(5), 
 Auto vars:     Size  Location     Type
  s               1   13[COMMON] PTR const unsigned char 
		 -> rx@x(5), 
  a               2   11[COMMON] int 
  sign            1   10[COMMON] unsigned char 
 Return value:  Size  Location     Type
                  2    6[COMMON] int 
 Registers used:
		wreg, fsr0l, fsr0h, status,2, status,0, pclath, cstack
 Tracked objects:
		On entry : 
		On exit  : 
		Unchanged: 
 Data sizes:     COMMON   BANK0   BANK1   BANK3   BANK2
      Params:         2       0       0       0       0
      Locals:         4       0       0       0       0
      Temps:          2       0       0       0       0
      Totals:         8       0       0       0       0
Total ram usage:        8 bytes
 Hardware stack levels used:    1
 Hardware stack levels required when called:    1
 This function calls:
		___wmul
		_isdigit
 This function is called by:
		_rx
 This function uses a non-reentrant model


 *************** function _isdigit *****************
 Defined at:
		line 8 in file "/opt/microchip/xc8/v1.33/sources/common/isdigit.c"
 Parameters:    Size  Location     Type
  c               1    wreg     unsigned char 
 Auto vars:     Size  Location     Type
  c               1    1[COMMON] unsigned char 
 Return value:  Size  Location     Type
		None               void
 Registers used:
		wreg, status,2, status,0
 Tracked objects:
		On entry : 
		On exit  : 
		Unchanged: 
 Data sizes:     COMMON   BANK0   BANK1   BANK3   BANK2
      Params:         0       0       0       0       0
      Locals:         2       0       0       0       0
      Temps:          0       0       0       0       0
      Totals:         2       0       0       0       0
Total ram usage:        2 bytes
 Hardware stack levels used:    1
 This function calls:
		Nothing
 This function is called by:
		_atoi
 This function uses a non-reentrant model


 *************** function ___wmul *****************
 Defined at:
		line 15 in file "/opt/microchip/xc8/v1.33/sources/common/Umul16.c"
 Parameters:    Size  Location     Type
  multiplier      2    0[COMMON] unsigned int 
  multiplicand    2    2[COMMON] unsigned int 
 Auto vars:     Size  Location     Type
  product         2    4[COMMON] unsigned int 
 Return value:  Size  Location     Type
                  2    0[COMMON] unsigned int 
 Registers used:
		wreg, status,2, status,0
 Tracked objects:
		On entry : 
		On exit  : 
		Unchanged: 
 Data sizes:     COMMON   BANK0   BANK1   BANK3   BANK2
      Params:         4       0       0       0       0
      Locals:         2       0       0       0       0
      Temps:          0       0       0       0       0
      Totals:         6       0       0       0       0
Total ram usage:        6 bytes
 Hardware stack levels used:    1
 This function calls:
		Nothing
 This function is called by:
		_atoi
 This function uses a non-reentrant model



MODULE INFORMATION

Module		Function		Class		Link	Load	Size
/opt/microchip/xc8/v1.33/sources/common/lwmod.c
		___lwmod       		CODE           	048C	0000	52

/opt/microchip/xc8/v1.33/sources/common/lwmod.c estimated size: 52

timer2.c
		_main          		CODE           	06BA	0000	310
		_rx            		CODE           	0535	0000	63
		_tx            		CODE           	0448	0000	33

timer2.c estimated size: 406

/opt/microchip/xc8/v1.33/sources/common/isdigit.c
		_isdigit       		CODE           	0429	0000	14

/opt/microchip/xc8/v1.33/sources/common/isdigit.c estimated size: 14

/opt/microchip/xc8/v1.33/sources/common/doprnt.c
		_sprintf       		CODE           	05E1	0000	217

/opt/microchip/xc8/v1.33/sources/common/doprnt.c estimated size: 217

/opt/microchip/xc8/v1.33/sources/common/lwdiv.c
		___lwdiv       		CODE           	04F7	0000	62

/opt/microchip/xc8/v1.33/sources/common/lwdiv.c estimated size: 62

/opt/microchip/xc8/v1.33/sources/common/atoi.c
		_atoi          		CODE           	0574	0000	109

/opt/microchip/xc8/v1.33/sources/common/atoi.c estimated size: 109

shared
		__stringtab    		STRING         	0003	0000	6
		__stringdata   		STRING         	0013	0000	10
		_dpowers       		STRING         	0009	0000	10
		__initializatio		CODE           	07F0	0000	12

shared estimated size: 38

/opt/microchip/xc8/v1.33/sources/common/Umul16.c
		___wmul        		CODE           	0469	0000	35

/opt/microchip/xc8/v1.33/sources/common/Umul16.c estimated size: 35

