<html>
<body>
<pre>
<h1>µVision Build Log</h1>
<h2>Project:</h2>
C:\users\student\Desktop\suhaib\arm7\clock\CLOCK.uvproj
Project File Date:  02/27/2021

<h2>Output:</h2>
Build target 'Target 1'
assembling Startup.s...
compiling clock.c...
clock.c(5): error:  #79: expected a type specifier
clock.c(5): error:  #141-D: unnamed prototyped parameters not allowed when body is present
clock.c(8): error:  #20: identifier "x" is undefined
clock.c(96): warning:  #1-D: last line of file ends without a newline
clock.c(39): warning:  #177-D: variable "i" was declared but never referenced
clock.c(39): warning:  #177-D: variable "j" was declared but never referenced
clock.c(41): warning:  #177-D: variable "x" was declared but never referenced
Target not created
Build target 'Target 1'
compiling clock.c...
clock.c(5): error:  #79: expected a type specifier
clock.c(5): error:  #141-D: unnamed prototyped parameters not allowed when body is present
clock.c(8): error:  #20: identifier "x" is undefined
clock.c(96): warning:  #1-D: last line of file ends without a newline
clock.c(39): warning:  #177-D: variable "i" was declared but never referenced
clock.c(39): warning:  #177-D: variable "j" was declared but never referenced
clock.c(41): warning:  #177-D: variable "x" was declared but never referenced
Target not created
Build target 'Target 1'
compiling clock.c...
clock.c(5): error:  #79: expected a type specifier
clock.c(5): error:  #141-D: unnamed prototyped parameters not allowed when body is present
clock.c(8): error:  #20: identifier "x" is undefined
clock.c(96): warning:  #1-D: last line of file ends without a newline
clock.c(39): warning:  #177-D: variable "i" was declared but never referenced
Target not created
Build target 'Target 1'
compiling clock.c...
clock.c(5): error:  #79: expected a type specifier
clock.c(5): error:  #141-D: unnamed prototyped parameters not allowed when body is present
clock.c(8): error:  #20: identifier "x" is undefined
clock.c(96): warning:  #1-D: last line of file ends without a newline
clock.c(39): warning:  #177-D: variable "i" was declared but never referenced
Target not created
Build target 'Target 1'
compiling clock.c...
clock.c(5): error:  #79: expected a type specifier
clock.c(5): error:  #141-D: unnamed prototyped parameters not allowed when body is present
clock.c(8): error:  #20: identifier "x" is undefined
clock.c(97): warning:  #1-D: last line of file ends without a newline
clock.c(40): warning:  #177-D: variable "i" was declared but never referenced
Target not created
Build target 'Target 1'
compiling clock.c...
clock.c(5): error:  #79: expected a type specifier
clock.c(5): error:  #141-D: unnamed prototyped parameters not allowed when body is present
clock.c(8): error:  #20: identifier "x" is undefined
clock.c(97): warning:  #1-D: last line of file ends without a newline
Target not created
Build target 'Target 1'
compiling clock.c...
clock.c(97): warning:  #1-D: last line of file ends without a newline
linking...
Program Size: Code=2732 RO-data=288 RW-data=0 ZI-data=1256  
FromELF: creating hex file...
"CLOCK.axf" - 0 Error(s), 1 Warning(s).
Build target 'Target 1'
compiling clock.c...
clock.c(98): warning:  #1-D: last line of file ends without a newline
linking...
Program Size: Code=2744 RO-data=288 RW-data=0 ZI-data=1256  
FromELF: creating hex file...
"CLOCK.axf" - 0 Error(s), 1 Warning(s).
Build target 'Target 1'
compiling clock.c...
clock.c(99): warning:  #1-D: last line of file ends without a newline
linking...
Program Size: Code=2744 RO-data=288 RW-data=0 ZI-data=1256  
FromELF: creating hex file...
"CLOCK.axf" - 0 Error(s), 1 Warning(s).
Build target 'Target 1'
compiling clock.c...
clock.c(100): warning:  #1-D: last line of file ends without a newline
linking...
Program Size: Code=2732 RO-data=288 RW-data=0 ZI-data=1256  
FromELF: creating hex file...
"CLOCK.axf" - 0 Error(s), 1 Warning(s).
Build target 'Target 1'
compiling clock.c...
clock.c(101): warning:  #1-D: last line of file ends without a newline
linking...
Program Size: Code=2744 RO-data=288 RW-data=0 ZI-data=1256  
FromELF: creating hex file...
"CLOCK.axf" - 0 Error(s), 1 Warning(s).
Build target 'Target 1'
compiling clock.c...
clock.c(102): warning:  #1-D: last line of file ends without a newline
linking...
Program Size: Code=2744 RO-data=288 RW-data=0 ZI-data=1256  
FromELF: creating hex file...
"CLOCK.axf" - 0 Error(s), 1 Warning(s).
Build target 'Target 1'
compiling clock.c...
clock.c(102): warning:  #1-D: last line of file ends without a newline
linking...
Program Size: Code=2744 RO-data=288 RW-data=0 ZI-data=1256  
FromELF: creating hex file...
"CLOCK.axf" - 0 Error(s), 1 Warning(s).
Build target 'Target 1'
compiling clock.c...
clock.c(102): warning:  #1-D: last line of file ends without a newline
linking...
Program Size: Code=2732 RO-data=288 RW-data=0 ZI-data=1256  
FromELF: creating hex file...
"CLOCK.axf" - 0 Error(s), 1 Warning(s).
Build target 'Target 1'
compiling clock.c...
clock.c(105): warning:  #1-D: last line of file ends without a newline
linking...
Program Size: Code=2764 RO-data=288 RW-data=0 ZI-data=1256  
FromELF: creating hex file...
"CLOCK.axf" - 0 Error(s), 1 Warning(s).
Build target 'Target 1'
compiling clock.c...
clock.c(105): warning:  #1-D: last line of file ends without a newline
linking...
Program Size: Code=2744 RO-data=288 RW-data=0 ZI-data=1256  
FromELF: creating hex file...
"CLOCK.axf" - 0 Error(s), 1 Warning(s).
Build target 'Target 1'
compiling clock.c...
clock.c(105): warning:  #1-D: last line of file ends without a newline
linking...
Program Size: Code=2744 RO-data=288 RW-data=0 ZI-data=1256  
FromELF: creating hex file...
"CLOCK.axf" - 0 Error(s), 1 Warning(s).
Build target 'Target 1'
compiling clock.c...
clock.c(101): warning:  #1-D: last line of file ends without a newline
linking...
Program Size: Code=2732 RO-data=288 RW-data=0 ZI-data=1256  
FromELF: creating hex file...
"CLOCK.axf" - 0 Error(s), 1 Warning(s).
Build target 'Target 1'
compiling clock.c...
clock.c(101): warning:  #1-D: last line of file ends without a newline
linking...
Program Size: Code=2732 RO-data=288 RW-data=0 ZI-data=1256  
FromELF: creating hex file...
"CLOCK.axf" - 0 Error(s), 1 Warning(s).
